ProbeName	VOName	Nrecord	NJobs	Wall	Cpu
lsf:LocalTester.where.edu	alice	2	15	13	0
lsf:LocalTester.where.edu	cms	1	2	30	8
lsf:LocalTester.where.edu	dteam	31	1042	244715	15790
lsf:LocalTester.where.edu	infngrid	15	90	3437	656
pbs:LocalTester.where.edu	dteam	7	168	23166	1728
pbs:LocalTester.where.edu	infngrid	1	6	0	0
tester:LocalTester.where.edu	escience	365	1611	289982041244.401	45238759.5
