ProbeName	VOName	Cores	Nrecord	NJobs	Wall	Cpu
backlog:LocalTester.where.edu	escience	3	1	360	64800456144.0	10109220.0
condor:LocalTester.where.edu	vdt	1	3	29	21055.0	0.0
condor:LocalTester.where.edu	vdt-cream	1	1	1	910.0	0.0
lsf:LocalTester.where.edu	Unknown	8	1	4	80.0	0.0
lsf:LocalTester.where.edu	alice	1	2	15	13.0	0.0
lsf:LocalTester.where.edu	cms	1	1	2	30.0	8.0
lsf:LocalTester.where.edu	dteam	1	34	1039	263029.0	15791.0
lsf:LocalTester.where.edu	dteam	2	1	4	346.0	38.0
lsf:LocalTester.where.edu	infngrid	1	12	87	3207.0	612.0
lsf:LocalTester.where.edu	infngrid	2	1	1	61.0	13.0
lsf:LocalTester.where.edu	infngrid	3	1	1	77.0	15.0
lsf:LocalTester.where.edu	infngrid	4	1	1	92.0	16.0
pbs:LocalTester.where.edu	Unknown	1	3	8	311920.0	286882.0
pbs:LocalTester.where.edu	Unknown	8	1	1	65918.0	526870.0
pbs:LocalTester.where.edu	dteam	1	7	168	23166.0	1728.0
pbs:LocalTester.where.edu	infngrid	1	1	6	0.0	0.0
replic-backlog:LocalTester.where.edu	escience	3	1	360	64800456144.0	10109220.0
replic-tester:LocalTester.where.edu	escience	3	90	396	71280501758.4	11120142.0
tester:LocalTester.where.edu	escience	3	365	1611	289982041244.4	45238759.5
